// Jest Snapshot v1, https://goo.gl/fbAQLP

exports[`When I get ad units from a given config the result is correct 1`] = `
Array [
  Object {
    "bids": Array [
      Object {
        "bidder": "bidder-foo",
        "params": Object {
          "foo": "bar",
        },
      },
    ],
    "code": "div-gpt-ad-foo",
    "mediaTypes": Object {
      "banner": Object {
        "sizes": Array [
          Array [
            320,
            240,
          ],
        ],
      },
    },
  },
  Object {
    "bids": Array [
      Object {
        "bidder": "bidder-bar",
        "params": Object {
          "bar": "foo",
        },
      },
    ],
    "code": "div-gpt-ad-bar",
    "mediaTypes": Object {
      "banner": Object {
        "sizes": Array [
          Array [
            320,
            240,
          ],
        ],
      },
    },
  },
]
`;
